// Jest Snapshot v1, https://goo.gl/fbAQLP

exports[`should render TagsInputFieldArray correctly 1`] = `
<div
  className="pl-2"
>
  <label
    className="fdk-form-label w-100"
    htmlFor="spatial"
  >
    <TagsInput
      addKeys={
        Array [
          "Tab",
          "Enter",
        ]
      }
      addOnBlur={true}
      addOnPaste={false}
      className="fdk-reg-input-tags"
      disabled={false}
      focusedClassName="react-tagsinput--focused"
      inputProps={
        Object {
          "placeholder": "",
        }
      }
      maxTags={-1}
      onChange={[Function]}
      onlyUnique={false}
      pasteSplit={[Function]}
      preventSubmit={true}
      removeKeys={
        Array [
          "Backspace",
        ]
      }
      renderInput={[Function]}
      renderLayout={[Function]}
      renderTag={[Function]}
      tagDisplayProp={null}
      tagProps={
        Object {
          "className": "react-tagsinput-tag",
          "classNameRemove": "react-tagsinput-remove",
        }
      }
      validate={[Function]}
      validationRegex={/\\.\\*/}
      value={Array []}
    />
  </label>
</div>
`;
