// Jest Snapshot v1, https://goo.gl/fbAQLP

exports[`should render CheckboxFieldType correctly 1`] = `
<ContextConsumer>
  <Component />
</ContextConsumer>
`;
